INFO 2026-05-22 08:56:49,321 autoreload 480677 129432563556800 Watching for file changes with StatReloader
INFO 2026-05-22 08:57:18,397 autoreload 481400 129897403068864 Watching for file changes with StatReloader
INFO 2026-05-22 08:57:38,783 basehttp 481400 129897242555968 "GET /swagger/ HTTP/1.1" 200 1632
INFO 2026-05-22 08:57:38,814 basehttp 481400 129897242555968 "GET /static/drf-yasg/style.css HTTP/1.1" 304 0
INFO 2026-05-22 08:57:38,816 basehttp 481400 129897234163264 "GET /static/drf-yasg/swagger-ui-dist/swagger-ui.css HTTP/1.1" 304 0
INFO 2026-05-22 08:57:38,822 basehttp 481400 129897234163264 "GET /static/drf-yasg/swagger-ui-init.js HTTP/1.1" 304 0
INFO 2026-05-22 08:57:38,827 basehttp 481400 129897225770560 "GET /static/drf-yasg/swagger-ui-dist/swagger-ui-bundle.js HTTP/1.1" 304 0
INFO 2026-05-22 08:57:38,834 basehttp 481400 129897217377856 "GET /static/drf-yasg/insQ.min.js HTTP/1.1" 304 0
INFO 2026-05-22 08:57:38,838 basehttp 481400 129897208985152 "GET /static/drf-yasg/swagger-ui-dist/swagger-ui-standalone-preset.js HTTP/1.1" 304 0
INFO 2026-05-22 08:57:38,844 basehttp 481400 129896856680000 "GET /static/drf-yasg/immutable.min.js HTTP/1.1" 304 0
INFO 2026-05-22 08:57:39,052 basehttp 481400 129897234163264 "GET /swagger/?format=openapi HTTP/1.1" 200 710
WARNING 2026-05-22 08:57:46,488 log 481400 129897234163264 Not Found: /
WARNING 2026-05-22 08:57:46,490 basehttp 481400 129897234163264 "GET / HTTP/1.1" 404 2871
INFO 2026-05-22 08:57:55,943 basehttp 481400 129897234163264 "GET /swagger/ HTTP/1.1" 200 1632
INFO 2026-05-22 08:57:56,004 basehttp 481400 129897234163264 "GET /swagger/?format=openapi HTTP/1.1" 200 710
INFO 2026-05-22 08:58:34,873 autoreload 481400 129897403068864 /home/efrem/back_end_bibel_app/bibel_project/urls.py changed, reloading.
INFO 2026-05-22 08:58:35,462 autoreload 483087 135722604016064 Watching for file changes with StatReloader
INFO 2026-05-22 08:59:09,599 autoreload 483087 135722604016064 /home/efrem/back_end_bibel_app/core/views/auth.py changed, reloading.
INFO 2026-05-22 08:59:09,974 autoreload 483870 123780667756992 Watching for file changes with StatReloader
INFO 2026-05-22 08:59:57,131 autoreload 483870 123780667756992 /home/efrem/back_end_bibel_app/core/serializers/auth_serializers.py changed, reloading.
INFO 2026-05-22 08:59:58,013 autoreload 484864 129111682863552 Watching for file changes with StatReloader
INFO 2026-05-22 09:00:16,469 autoreload 484864 129111682863552 /home/efrem/back_end_bibel_app/core/authentication.py changed, reloading.
INFO 2026-05-22 09:00:17,062 autoreload 485243 132202856862144 Watching for file changes with StatReloader
INFO 2026-05-22 09:00:36,397 autoreload 485243 132202856862144 /home/efrem/back_end_bibel_app/bibel_project/settings.py changed, reloading.
INFO 2026-05-22 09:00:37,927 autoreload 485723 133771771298240 Watching for file changes with StatReloader
INFO 2026-05-22 09:00:40,030 autoreload 485723 133771771298240 /home/efrem/back_end_bibel_app/bibel_project/settings.py changed, reloading.
INFO 2026-05-22 09:00:41,577 autoreload 485815 137450737279424 Watching for file changes with StatReloader
INFO 2026-05-22 09:00:57,709 basehttp 485815 137450645091904 "GET /swagger/ HTTP/1.1" 200 1632
ERROR 2026-05-22 09:00:58,702 log 485815 137450645091904 Internal Server Error: /swagger/
Traceback (most recent call last):
  File "/home/efrem/back_end_bibel_app/venv_django/lib/python3.10/site-packages/django/core/handlers/exception.py", line 55, in inner
    response = get_response(request)
  File "/home/efrem/back_end_bibel_app/venv_django/lib/python3.10/site-packages/django/core/handlers/base.py", line 220, in _get_response
    response = response.render()
  File "/home/efrem/back_end_bibel_app/venv_django/lib/python3.10/site-packages/django/template/response.py", line 114, in render
    self.content = self.rendered_content
  File "/home/efrem/back_end_bibel_app/venv_django/lib/python3.10/site-packages/rest_framework/response.py", line 74, in rendered_content
    ret = renderer.render(self.data, accepted_media_type, context)
  File "/home/efrem/back_end_bibel_app/venv_django/lib/python3.10/site-packages/drf_yasg/renderers.py", line 40, in render
    return codec.encode(data)
  File "/home/efrem/back_end_bibel_app/venv_django/lib/python3.10/site-packages/drf_yasg/codecs.py", line 90, in encode
    return force_bytes(self._dump_dict(spec))
  File "/home/efrem/back_end_bibel_app/venv_django/lib/python3.10/site-packages/drf_yasg/codecs.py", line 131, in _dump_dict
    return json.dumps(spec, ensure_ascii=False)
  File "/usr/lib/python3.10/json/__init__.py", line 238, in dumps
    **kw).encode(obj)
  File "/usr/lib/python3.10/json/encoder.py", line 199, in encode
    chunks = self.iterencode(o, _one_shot=True)
  File "/usr/lib/python3.10/json/encoder.py", line 257, in iterencode
    return _iterencode(o, 0)
  File "/usr/lib/python3.10/json/encoder.py", line 179, in default
    raise TypeError(f'Object of type {o.__class__.__name__} '
TypeError: Object of type SerializerMetaclass is not JSON serializable
ERROR 2026-05-22 09:00:58,710 basehttp 485815 137450645091904 "GET /swagger/?format=openapi HTTP/1.1" 500 150157
WARNING 2026-05-22 09:01:04,654 log 485815 137450645091904 Not Found: /
WARNING 2026-05-22 09:01:04,655 basehttp 485815 137450645091904 "GET / HTTP/1.1" 404 3023
WARNING 2026-05-22 09:01:09,994 log 485815 137450645091904 Not Found: /api/auth/
WARNING 2026-05-22 09:01:09,995 basehttp 485815 137450645091904 "GET /api/auth/ HTTP/1.1" 404 4813
WARNING 2026-05-22 09:01:25,574 log 485815 137450645091904 Method Not Allowed: /api/auth/register
WARNING 2026-05-22 09:01:25,574 basehttp 485815 137450645091904 "GET /api/auth/register HTTP/1.1" 405 5609
INFO 2026-05-22 09:01:25,600 basehttp 485815 137450645091904 "GET /static/rest_framework/css/bootstrap.min.css HTTP/1.1" 304 0
INFO 2026-05-22 09:01:25,602 basehttp 485815 137450563302976 "GET /static/rest_framework/css/prettify.css HTTP/1.1" 304 0
INFO 2026-05-22 09:01:25,610 basehttp 485815 137450563302976 "GET /static/rest_framework/js/csrf.js HTTP/1.1" 304 0
INFO 2026-05-22 09:01:25,614 basehttp 485815 137450554910272 "GET /static/rest_framework/css/default.css HTTP/1.1" 304 0
INFO 2026-05-22 09:01:25,618 basehttp 485815 137450554910272 "GET /static/rest_framework/js/bootstrap.min.js HTTP/1.1" 304 0
INFO 2026-05-22 09:01:25,620 basehttp 485815 137450546517568 "GET /static/rest_framework/css/bootstrap-tweaks.css HTTP/1.1" 304 0
INFO 2026-05-22 09:01:25,623 basehttp 485815 137450538124864 "GET /static/rest_framework/js/jquery-3.7.1.min.js HTTP/1.1" 304 0
INFO 2026-05-22 09:01:25,626 basehttp 485815 137450529732160 "GET /static/rest_framework/js/ajax-form.js HTTP/1.1" 304 0
INFO 2026-05-22 09:01:25,627 basehttp 485815 137450538124864 "GET /static/rest_framework/js/default.js HTTP/1.1" 304 0
INFO 2026-05-22 09:01:25,630 basehttp 485815 137450529732160 "GET /static/rest_framework/js/load-ajax-form.js HTTP/1.1" 304 0
INFO 2026-05-22 09:01:25,630 basehttp 485815 137450546517568 "GET /static/rest_framework/js/prettify-min.js HTTP/1.1" 304 0
INFO 2026-05-22 09:01:25,657 basehttp 485815 137450563302976 "GET /static/rest_framework/img/grid.png HTTP/1.1" 304 0
WARNING 2026-05-22 09:02:16,333 log 485815 137450563302976 Method Not Allowed: /api/auth/register
WARNING 2026-05-22 09:02:16,334 basehttp 485815 137450563302976 "GET /api/auth/register HTTP/1.1" 405 5609
WARNING 2026-05-22 09:02:26,938 log 485815 137450563302976 Method Not Allowed: /api/auth/login
WARNING 2026-05-22 09:02:26,938 basehttp 485815 137450563302976 "GET /api/auth/login HTTP/1.1" 405 5575
INFO 2026-05-22 09:03:19,085 basehttp 485815 137450563302976 "GET /swagger/ HTTP/1.1" 200 1632
INFO 2026-05-22 09:03:19,115 basehttp 485815 137450563302976 "GET /static/drf-yasg/style.css HTTP/1.1" 304 0
INFO 2026-05-22 09:03:19,124 basehttp 485815 137450554910272 "GET /static/drf-yasg/insQ.min.js HTTP/1.1" 304 0
INFO 2026-05-22 09:03:19,125 basehttp 485815 137450645091904 "GET /static/drf-yasg/immutable.min.js HTTP/1.1" 304 0
INFO 2026-05-22 09:03:19,126 basehttp 485815 137450529732160 "GET /static/drf-yasg/swagger-ui-dist/swagger-ui.css HTTP/1.1" 304 0
INFO 2026-05-22 09:03:19,126 basehttp 485815 137450538124864 "GET /static/drf-yasg/swagger-ui-dist/swagger-ui-bundle.js HTTP/1.1" 304 0
INFO 2026-05-22 09:03:19,129 basehttp 485815 137450546517568 "GET /static/drf-yasg/swagger-ui-dist/swagger-ui-standalone-preset.js HTTP/1.1" 304 0
INFO 2026-05-22 09:03:19,130 basehttp 485815 137450554910272 "GET /static/drf-yasg/swagger-ui-init.js HTTP/1.1" 304 0
ERROR 2026-05-22 09:03:19,433 log 485815 137450554910272 Internal Server Error: /swagger/
Traceback (most recent call last):
  File "/home/efrem/back_end_bibel_app/venv_django/lib/python3.10/site-packages/django/core/handlers/exception.py", line 55, in inner
    response = get_response(request)
  File "/home/efrem/back_end_bibel_app/venv_django/lib/python3.10/site-packages/django/core/handlers/base.py", line 220, in _get_response
    response = response.render()
  File "/home/efrem/back_end_bibel_app/venv_django/lib/python3.10/site-packages/django/template/response.py", line 114, in render
    self.content = self.rendered_content
  File "/home/efrem/back_end_bibel_app/venv_django/lib/python3.10/site-packages/rest_framework/response.py", line 74, in rendered_content
    ret = renderer.render(self.data, accepted_media_type, context)
  File "/home/efrem/back_end_bibel_app/venv_django/lib/python3.10/site-packages/drf_yasg/renderers.py", line 40, in render
    return codec.encode(data)
  File "/home/efrem/back_end_bibel_app/venv_django/lib/python3.10/site-packages/drf_yasg/codecs.py", line 90, in encode
    return force_bytes(self._dump_dict(spec))
  File "/home/efrem/back_end_bibel_app/venv_django/lib/python3.10/site-packages/drf_yasg/codecs.py", line 131, in _dump_dict
    return json.dumps(spec, ensure_ascii=False)
  File "/usr/lib/python3.10/json/__init__.py", line 238, in dumps
    **kw).encode(obj)
  File "/usr/lib/python3.10/json/encoder.py", line 199, in encode
    chunks = self.iterencode(o, _one_shot=True)
  File "/usr/lib/python3.10/json/encoder.py", line 257, in iterencode
    return _iterencode(o, 0)
  File "/usr/lib/python3.10/json/encoder.py", line 179, in default
    raise TypeError(f'Object of type {o.__class__.__name__} '
TypeError: Object of type SerializerMetaclass is not JSON serializable
ERROR 2026-05-22 09:03:19,433 basehttp 485815 137450554910272 "GET /swagger/?format=openapi HTTP/1.1" 500 150299
INFO 2026-05-22 09:04:02,795 autoreload 485815 137450737279424 /home/efrem/back_end_bibel_app/bibel_project/urls.py changed, reloading.
INFO 2026-05-22 09:04:03,417 autoreload 490177 140670139748800 Watching for file changes with StatReloader
INFO 2026-05-22 09:05:53,026 autoreload 490177 140670139748800 /home/efrem/back_end_bibel_app/core/views/auth.py changed, reloading.
INFO 2026-05-22 09:05:53,595 autoreload 492440 131160733639104 Watching for file changes with StatReloader
INFO 2026-05-22 09:05:55,287 autoreload 492440 131160733639104 /home/efrem/back_end_bibel_app/core/views/auth.py changed, reloading.
INFO 2026-05-22 09:05:56,498 autoreload 492561 126027515724224 Watching for file changes with StatReloader
INFO 2026-05-22 09:06:03,578 autoreload 492561 126027515724224 /home/efrem/back_end_bibel_app/core/views/auth.py changed, reloading.
INFO 2026-05-22 09:06:05,275 autoreload 492716 123292854972864 Watching for file changes with StatReloader
INFO 2026-05-22 09:08:36,124 autoreload 492716 123292854972864 /home/efrem/back_end_bibel_app/bibel_project/settings.py changed, reloading.
